../Core/Src/main.c:100:6:moveto	16	static
../Core/Src/main.c:108:6:delay	16	static
../Core/Src/main.c:114:6:SR05_Read1	8	static
../Core/Src/main.c:121:6:SR05_Read2	8	static
../Core/Src/main.c:139:5:main	16	static
../Core/Src/main.c:213:6:SystemClock_Config	88	static
../Core/Src/main.c:260:13:MX_CAN1_Init	8	static
../Core/Src/main.c:297:13:MX_TIM3_Init	32	static
../Core/Src/main.c:342:13:MX_TIM8_Init	32	static
../Core/Src/main.c:395:13:MX_USART2_UART_Init	8	static
../Core/Src/main.c:428:13:MX_GPIO_Init	40	static
../Core/Src/main.c:465:6:HAL_UART_RxCpltCallback	32	static
../Core/Src/main.c:498:6:HAL_TIM_PeriodElapsedCallback	16	static
../Core/Src/main.c:528:6:input_capture1	8	static
../Core/Src/main.c:558:6:input_capture2	8	static
../Core/Src/main.c:586:6:HAL_TIM_IC_CaptureCallback	16	static
../Core/Src/main.c:603:6:Error_Handler	4	static,ignoring_inline_asm
